// Jest Snapshot v1, https://goo.gl/fbAQLP

exports[`renders with snapshot 1`] = `
<div
  className="container"
  onClick={[Function]}
>
  <div
    className="breadcrumbs__catalog"
  >
    <div
      className="breadcrumb container"
    >
      <a
        aria-current="page"
        className="active"
        href="/"
        onClick={[Function]}
      >
        <span>
          Home
        </span>
         
         / 
      </a>
    </div>
  </div>
  <div
    className="grid-wrapper"
  >
    <div
      className="catalogPageImg-wrapper"
    >
      <img
        alt="Category Section Main Imgage"
        src="/img/catalogSectionPage/CategorySectionMainImg.jpg"
      />
    </div>
    <aside
      className="asideFilter-wrapper"
    >
      <div
        className="aside-filter"
      >
        <div
          className="aside-filter__header"
        >
          <h3
            className="aside-filter__title"
          >
            Filters
          </h3>
          <button
            className="aside-filter__button"
            onClick={[Function]}
          >
            Reset all
          </button>
        </div>
        <div
          className="aside-filter__wrapper"
        >
          <div
            className="filter-parameter filter-parameter__hide"
          >
            <div
              className="filter-parameter__header"
            >
              <h5
                className="filter-parameter__title"
              >
                Price
              </h5>
              <button
                className="filter-parameter__button"
                onClick={[Function]}
              />
            </div>
            <div
              className="filter-parameter__container price-container"
            >
              <input
                data-index={0}
                onChange={[Function]}
                placeholder={0}
                type="text"
                value={0}
              />
              <span>
                -
              </span>
              <input
                data-index={1}
                onChange={[Function]}
                placeholder={0}
                type="text"
                value={0}
              />
            </div>
          </div>
          <div
            className="filter-parameter filter-parameter__hide"
          >
            <div
              className="filter-parameter__header"
            >
              <h5
                className="filter-parameter__title"
              >
                Collection
              </h5>
              <button
                className="filter-parameter__button"
                onClick={[Function]}
              />
            </div>
            <div
              className="filter-parameter__container"
            >
              <label
                className="filter-parameter__checkbox"
                data-category-name="vintage"
                onClick={[Function]}
              >
                <input
                  type="checkbox"
                />
                <span>
                  Vintage
                </span>
              </label>
              <label
                className="filter-parameter__checkbox"
                data-category-name="seabed"
                onClick={[Function]}
              >
                <input
                  type="checkbox"
                />
                <span>
                  Seabed
                </span>
              </label>
              <label
                className="filter-parameter__checkbox"
                data-category-name="refinement"
                onClick={[Function]}
              >
                <input
                  type="checkbox"
                />
                <span>
                  Refinement
                </span>
              </label>
              <label
                className="filter-parameter__checkbox"
                data-category-name="capsule"
                onClick={[Function]}
              >
                <input
                  type="checkbox"
                />
                <span>
                  Capsule
                </span>
              </label>
              <label
                className="filter-parameter__checkbox"
                data-category-name="max spass"
                onClick={[Function]}
              >
                <input
                  type="checkbox"
                />
                <span>
                  Max Spass
                </span>
              </label>
            </div>
          </div>
          <div
            className="filter-parameter filter-parameter__hide"
          >
            <div
              className="filter-parameter__header"
            >
              <h5
                className="filter-parameter__title"
              >
                Insert
              </h5>
              <button
                className="filter-parameter__button"
                onClick={[Function]}
              />
            </div>
            <div
              className="filter-parameter__container"
            >
              <label
                className="filter-parameter__checkbox"
                data-category-name="Without inserting"
                onClick={[Function]}
              >
                <input
                  type="checkbox"
                />
                <span>
                  Without insertion
                </span>
              </label>
              <label
                className="filter-parameter__checkbox"
                data-category-name="pearl"
                onClick={[Function]}
              >
                <input
                  type="checkbox"
                />
                <span>
                  Pearl
                </span>
              </label>
              <label
                className="filter-parameter__checkbox"
                data-category-name="zirconia"
                onClick={[Function]}
              >
                <input
                  type="checkbox"
                />
                <span>
                  Zirconia
                </span>
              </label>
              <label
                className="filter-parameter__checkbox"
                data-category-name="diamond"
                onClick={[Function]}
              >
                <input
                  type="checkbox"
                />
                <span>
                  Diamond
                </span>
              </label>
              <label
                className="filter-parameter__checkbox"
                data-category-name="Pearl and diamonds"
                onClick={[Function]}
              >
                <input
                  type="checkbox"
                />
                <span>
                  Pearl and diamonds
                </span>
              </label>
              <label
                className="filter-parameter__checkbox"
                data-category-name="semi-precious"
                onClick={[Function]}
              >
                <input
                  type="checkbox"
                />
                <span>
                  Semi-precious
                </span>
              </label>
              <label
                className="filter-parameter__checkbox"
                data-category-name="nacre"
                onClick={[Function]}
              >
                <input
                  type="checkbox"
                />
                <span>
                  Nacre
                </span>
              </label>
              <label
                className="filter-parameter__checkbox"
                data-category-name="amethyst"
                onClick={[Function]}
              >
                <input
                  type="checkbox"
                />
                <span>
                  Amethyst
                </span>
              </label>
              <label
                className="filter-parameter__checkbox"
                data-category-name="onixl"
                onClick={[Function]}
              >
                <input
                  type="checkbox"
                />
                <span>
                  Onixl
                </span>
              </label>
            </div>
          </div>
          <div
            className="filter-parameter filter-parameter__hide"
          >
            <div
              className="filter-parameter__header"
            >
              <h5
                className="filter-parameter__title"
              >
                Metal
              </h5>
              <button
                className="filter-parameter__button"
                onClick={[Function]}
              />
            </div>
            <div
              className="filter-parameter__container"
            >
              <label
                className="filter-parameter__checkbox"
                data-category-name="Gold"
                onClick={[Function]}
              >
                <input
                  type="checkbox"
                />
                <span>
                  Gold
                </span>
              </label>
              <label
                className="filter-parameter__checkbox"
                data-category-name="Silver"
                onClick={[Function]}
              >
                <input
                  type="checkbox"
                />
                <span>
                  Silver
                </span>
              </label>
            </div>
          </div>
          <div
            className="filter-parameter filter-parameter__hide"
          >
            <div
              className="filter-parameter__header"
            >
              <h5
                className="filter-parameter__title"
              >
                Metal color
              </h5>
              <button
                className="filter-parameter__button"
                onClick={[Function]}
              />
            </div>
            <div
              className="filter-parameter__container"
            >
              <label
                className="filter-parameter__checkbox"
                data-category-name="White"
                onClick={[Function]}
              >
                <input
                  type="checkbox"
                />
                <span>
                  White
                </span>
              </label>
              <label
                className="filter-parameter__checkbox"
                data-category-name="Yellow"
                onClick={[Function]}
              >
                <input
                  type="checkbox"
                />
                <span>
                  Yellow
                </span>
              </label>
              <label
                className="filter-parameter__checkbox"
                data-category-name="Red"
                onClick={[Function]}
              >
                <input
                  type="checkbox"
                />
                <span>
                  Red
                </span>
              </label>
            </div>
          </div>
          <div
            className="filter-parameter filter-parameter__hide"
          >
            <div
              className="filter-parameter__header"
            >
              <h5
                className="filter-parameter__title"
              >
                Product Type
              </h5>
              <button
                className="filter-parameter__button"
                onClick={[Function]}
              />
            </div>
            <div
              className="filter-parameter__container"
            >
              <label
                className="filter-parameter__checkbox"
                data-category-name="bracelet"
                onChange={[Function]}
              >
                <input
                  type="checkbox"
                />
                <span>
                  Bracelet
                </span>
              </label>
              <label
                className="filter-parameter__checkbox"
                data-category-name="ring wedding-ring engagement-ring"
                onChange={[Function]}
              >
                <input
                  type="checkbox"
                />
                <span>
                  Ring
                </span>
              </label>
              <label
                className="filter-parameter__checkbox"
                data-category-name="earring child-earrings"
                onChange={[Function]}
              >
                <input
                  type="checkbox"
                />
                <span>
                  Earring
                </span>
              </label>
              <label
                className="filter-parameter__checkbox"
                data-category-name="cross"
                onChange={[Function]}
              >
                <input
                  type="checkbox"
                />
                <span>
                  Cross
                </span>
              </label>
              <label
                className="filter-parameter__checkbox"
                data-category-name="pendant"
                onChange={[Function]}
              >
                <input
                  type="checkbox"
                />
                <span>
                  Pendant
                </span>
              </label>
              <label
                className="filter-parameter__checkbox"
                data-category-name="pearl"
                onChange={[Function]}
              >
                <input
                  type="checkbox"
                />
                <span>
                  Pearl
                </span>
              </label>
            </div>
          </div>
          <div
            className="filter-parameter filter-parameter__hide"
          >
            <div
              className="filter-parameter__header"
            >
              <h5
                className="filter-parameter__title"
              >
                Product Status
              </h5>
              <button
                className="filter-parameter__button"
                onClick={[Function]}
              />
            </div>
            <div
              className="filter-parameter__container"
            >
              <label
                className="filter-parameter__checkbox"
                data-category-name="BESTSELLER"
                onChange={[Function]}
              >
                <input
                  type="checkbox"
                />
                <span>
                  Bestseller
                </span>
              </label>
              <label
                className="filter-parameter__checkbox"
                data-category-name="OUTLET"
                onChange={[Function]}
              >
                <input
                  type="checkbox"
                />
                <span>
                  Outlet
                </span>
              </label>
              <label
                className="filter-parameter__checkbox"
                data-category-name="NEW"
                onChange={[Function]}
              >
                <input
                  type="checkbox"
                />
                <span>
                  New Collection
                </span>
              </label>
            </div>
          </div>
        </div>
      </div>
    </aside>
    <div
      className="filter-wrapper"
    >
      <div
        className="category-filter"
      >
        <div
          className="category-filter--btn"
          onClick={[Function]}
        >
          <div>
            <button
              className="section__btn-subscribe"
            >
              Filter
            </button>
          </div>
        </div>
        <div
          className="category-filter__result"
        >
          Results: 
          <span />
        </div>
        <select
          data-testid="select-sortBy"
          defaultValue="DEFAULT"
          name="select-sortBy"
          onChange={[Function]}
        >
          <option
            disabled={true}
            value="DEFAULT"
          >
            Sort by
          </option>
          <option
            value="currentPrice"
          >
            Price
          </option>
          <option
            value="date"
          >
            Newest
          </option>
        </select>
      </div>
    </div>
    <div
      className="categoryCards-wrapper"
    >
      <svg
        height="110px"
        preserveAspectRatio="xMidYMid"
        style={
          Object {
            "display": "block",
            "margin": "auto",
            "shapRendering": "auto",
          }
        }
        viewBox="0 0 100 100"
        width="110px"
      >
        <g
          transform="rotate(0 50 50)"
        >
          <rect
            fill="#0a0a0a"
            height="12"
            rx="4"
            ry="4.92"
            width="8"
            x="46"
            y="24"
          >
            <animate
              attributeName="opacity"
              begin="-0.9166666666666666s"
              dur="1s"
              keyTimes="0;1"
              repeatCount="indefinite"
              values="1;0"
            />
          </rect>
        </g>
        <g
          transform="rotate(30 50 50)"
        >
          <rect
            fill="#0a0a0a"
            height="12"
            rx="4"
            ry="4.92"
            width="8"
            x="46"
            y="24"
          >
            <animate
              attributeName="opacity"
              begin="-0.8333333333333334s"
              dur="1s"
              keyTimes="0;1"
              repeatCount="indefinite"
              values="1;0"
            />
          </rect>
        </g>
        <g
          transform="rotate(60 50 50)"
        >
          <rect
            fill="#0a0a0a"
            height="12"
            rx="4"
            ry="4.92"
            width="8"
            x="46"
            y="24"
          >
            <animate
              attributeName="opacity"
              begin="-0.75s"
              dur="1s"
              keyTimes="0;1"
              repeatCount="indefinite"
              values="1;0"
            />
          </rect>
        </g>
        <g
          transform="rotate(90 50 50)"
        >
          <rect
            fill="#0a0a0a"
            height="12"
            rx="4"
            ry="4.92"
            width="8"
            x="46"
            y="24"
          >
            <animate
              attributeName="opacity"
              begin="-0.6666666666666666s"
              dur="1s"
              keyTimes="0;1"
              repeatCount="indefinite"
              values="1;0"
            />
          </rect>
        </g>
        <g
          transform="rotate(120 50 50)"
        >
          <rect
            fill="#0a0a0a"
            height="12"
            rx="4"
            ry="4.92"
            width="8"
            x="46"
            y="24"
          >
            <animate
              attributeName="opacity"
              begin="-0.5833333333333334s"
              dur="1s"
              keyTimes="0;1"
              repeatCount="indefinite"
              values="1;0"
            />
          </rect>
        </g>
        <g
          transform="rotate(150 50 50)"
        >
          <rect
            fill="#0a0a0a"
            height="12"
            rx="4"
            ry="4.92"
            width="8"
            x="46"
            y="24"
          >
            <animate
              attributeName="opacity"
              begin="-0.5s"
              dur="1s"
              keyTimes="0;1"
              repeatCount="indefinite"
              values="1;0"
            />
          </rect>
        </g>
        <g
          transform="rotate(180 50 50)"
        >
          <rect
            fill="#0a0a0a"
            height="12"
            rx="4"
            ry="4.92"
            width="8"
            x="46"
            y="24"
          >
            <animate
              attributeName="opacity"
              begin="-0.4166666666666667s"
              dur="1s"
              keyTimes="0;1"
              repeatCount="indefinite"
              values="1;0"
            />
          </rect>
        </g>
        <g
          transform="rotate(210 50 50)"
        >
          <rect
            fill="#0a0a0a"
            height="12"
            rx="4"
            ry="4.92"
            width="8"
            x="46"
            y="24"
          >
            <animate
              attributeName="opacity"
              begin="-0.3333333333333333s"
              dur="1s"
              keyTimes="0;1"
              repeatCount="indefinite"
              values="1;0"
            />
          </rect>
        </g>
        <g
          transform="rotate(240 50 50)"
        >
          <rect
            fill="#0a0a0a"
            height="12"
            rx="4"
            ry="4.92"
            width="8"
            x="46"
            y="24"
          >
            <animate
              attributeName="opacity"
              begin="-0.25s"
              dur="1s"
              keyTimes="0;1"
              repeatCount="indefinite"
              values="1;0"
            />
          </rect>
        </g>
        <g
          transform="rotate(270 50 50)"
        >
          <rect
            fill="#0a0a0a"
            height="12"
            rx="4"
            ry="4.92"
            width="8"
            x="46"
            y="24"
          >
            <animate
              attributeName="opacity"
              begin="-0.16666666666666666s"
              dur="1s"
              keyTimes="0;1"
              repeatCount="indefinite"
              values="1;0"
            />
          </rect>
        </g>
        <g
          transform="rotate(300 50 50)"
        >
          <rect
            fill="#0a0a0a"
            height="12"
            rx="4"
            ry="4.92"
            width="8"
            x="46"
            y="24"
          >
            <animate
              attributeName="opacity"
              begin="-0.08333333333333333s"
              dur="1s"
              keyTimes="0;1"
              repeatCount="indefinite"
              values="1;0"
            />
          </rect>
        </g>
        <g
          transform="rotate(330 50 50)"
        >
          <rect
            fill="#0a0a0a"
            height="12"
            rx="4"
            ry="4.92"
            width="8"
            x="46"
            y="24"
          >
            <animate
              attributeName="opacity"
              begin="0s"
              dur="1s"
              keyTimes="0;1"
              repeatCount="indefinite"
              values="1;0"
            />
          </rect>
        </g>
      </svg>
    </div>
    <div
      className="paginnation-wrapper"
    >
      <div
        style={
          Object {
            "marginTop": "30px",
          }
        }
      >
        <ul
          className="pagination-container"
        >
          <span
            className="page-button disabled"
            onClick={[Function]}
          >
            Prev
          </span>
          <span
            className="page-button "
            onClick={[Function]}
          >
            Next
          </span>
        </ul>
      </div>
    </div>
  </div>
</div>
`;
